  - you are coach '0'
  - current game state: GS_COACH1
  - ball position: [row/y:17 col/x:0]
  - our team  : 'Amazon', coached by 'coach' (11 players), scored 0 point(s).
  - other team: 'Amazon', coached by 'coach' (11 players), scored 0 point(s).
* 0: Mary-Ann         [row/y:17 col/x:0]  Standing
* 1: Mary-Jean        [row/y:12 col/x:2]  Standing
* 2: Mary-Carol       [row/y:12 col/x:4]  Standing
* 3: Jacinthe         [row/y:12 col/x:5]  Standing
* 4: Tulip            [row/y:12 col/x:6]  Standing
* 5: Purple           [row/y:12 col/x:8]  Standing
* 6: Magenta          [row/y:12 col/x:9]  Standing
* 7: Martina          [row/y:12 col/x:10]  Standing
* 8: Serena           [row/y:12 col/x:12]  Standing
* 9: Jelena           [row/y:12 col/x:13]  Standing
* 10: Iva             [row/y:9 col/x:1]  Standing
+ 0: Mary-Ann         out of the field  Injured
+ 1: Mary-Jean        [row/y:13 col/x:2]  Standing
+ 2: Mary-Carol       [row/y:13 col/x:4]  Standing
+ 3: Jacinthe         [row/y:13 col/x:5]  Standing
+ 4: Tulip            [row/y:13 col/x:6]  Standing
+ 5: Purple           [row/y:13 col/x:8]  Standing
+ 6: Magenta          [row/y:13 col/x:9]  Standing
+ 7: Martina          [row/y:13 col/x:10]  Standing
+ 8: Serena           [row/y:13 col/x:12]  Standing
+ 9: Jelena           [row/y:13 col/x:13]  Standing
+ 10: Iva             [row/y:16 col/x:7]  Standing
