  - you are coach '0'
  - current game state: GS_COACH1
  - ball position: [row/y:13 col/x:2]
  - our team  : 'Amazon', coached by 'coach' (11 players), scored 0 point(s).
  - other team: 'Amazon', coached by 'coach' (11 players), scored 0 point(s).
Player '0' (team 0) - Mary-Ann
  position      : [row/y:13 col/x:2]
  carateristics : ma: 6 | st: 3 | ag: 3 | av: 7
  skills        : Block | Dodge
  ma_remain     : 5
  has_played    : no
  status        : Standing
