  - you are coach '0'
  - current game state: Undefined
  - ball position: [x:2 y:13]
  - our team  : 'Amazon', coached by 'coach' (11 players)
  - other team: 'Amazon', coached by 'coach' (11 players)
Player '0' (team 0) - Mary-Ann
  position      : [row/y:13 col/x:2]
  carateristics : ma: 6 | st: 3 | ag: 3 | av: 7
  skills        : SK_BLOCK | SK_DODGE
  ma_remain     : 5
  has_played    : no
  status        : Standing
