Player '0' (team 0) - Mary-Ann
  position      : out of the field
  carateristics : ma: 6 | st: 3 | ag: 3 | av: 7
  skills        : Block | Dodge
  ma_remain     : 5
  has_played    : no
  status        : Reserve
  - you are coach '1'
  - current game state: GS_COACH2
  - ball position: [row/y:22 col/x:9]
  - our team  : 'Amazon', coached by 'coach' (11 players), scored 0 point(s).
  - other team: 'Amazon', coached by 'coach' (11 players), scored 0 point(s).
