Player '10' (team 0) - Iva
  position      : [row/y:8 col/x:6]
  carateristics :  ma: 6 | st: 3 | ag: 3 | av: 7
  skills        : SK_DODGE
  ma_remain     : 6
  has_played    : no
  status        : Standing
  - you are coach '0'
  - current game state: GS_COACH1
  - ball position: [x:7 y:8]
  - our team  : 'Amazon', coached by 'coach' (11 players)
  - other team: 'Amazon', coached by 'coach' (11 players)
