# grrrrr
10 40 40 6
2 31
13 1
0 14
34 22
18 18
15 2
26 11
1 27
16 29
27 1
5
2 2 2
27 37 2
22 31 3
22 35 3
3 1 1
ffffffffffffvvvvvvvvvvffffffffcccccfffff
fffffffffffffvvvvvvvvvvvfffffffffffffccf
fffffffffffffffvvvvvvvvvvvvfffffffffffff
fffffffffffffffffvvvvvvvvvvvffffffffffff
ffffffffffffffffvvvvvvvvvvffffffffffffff
ffffffffffffffffffvvvvvvvvvvvvffffffffff
ffffffffffffffffffffvvvvvvvvvvvvvfffffff
ffffffffffffffffffffffvvvvvvvvvfffffffff
ffffffffffffffffcfffffffvvvvvvffffffffff
fffffffffffffffffffffffffvvvvfffffffffff
ffffffffffffffffffffffvvvvvvvffffffccccf
ffffffffffffffffffffvvvvvvvvffffffffffff
fcccccccccfffffffvvvvvvvvvvffffffffcccff
fffcccffffffffvvvvvvvvvfffffffffffffffff
fffffffffffffffvvvvvvvvvvvvvvvffffccccff
fffffffffffffffvvvvvvvvvvvvvvvfffccccfff
ffffffffffffffffvvvvvvvvvvvffffffccccfff
ffffffffffffffffvvvvvvvvvvfffffffccccfff
fffffffffffffffvvvvvvvvvvvffffffffffcccf
ffccccccfffffffffvvvvvvvvvvvvfffffffffff
fcccccfffffffffffffvvvvvvvvvvvvvffffffff
ffccccccffffffffccfffvvvvvvvvvvvvvvvffff
fffffffffffffffffffffffvvvvvvvvvvvvvvvff
ffccccfffffffffffffvvvvvvvvvvvvvvfffffff
fffffffffffffffvvvvvvvvvvvvvvvvfffffffff
ffffffffffffffffvvvvvvvvvvvvffffffffffff
ffffffffffffffffffvvvvvvvvvfffffffffffff
fffffffffffffffffffvvvvvvvffffffffffffff
ffffffffffffffffffvvvvvvvvffffffffffffff
ffffffffffffffvvvvvvvvvvffffffffffffffff
fffffffvvvvvvvvvvvvvvvvffffcffffffffffff
fffffvvvvvvvvvvvvvvvffffffffffffffffffff
ffffffvvvvvvvvvvvvvfffffffffffffffffffff
fffffffvvvvvvvvvvvvfffffffffffffffffffff
fcccfffffvvvvvvvvvvvvvffffffffffffffffff
ffffffvvvvvvvvvvvfffffffffffffffffffffff
ffvvvvvvvvvvvvvfffffffffffffffffffffffff
fvvvvvvvvvffffffffffffffffffffffffffffff
ffvvvvffffffffffffffffffffffffffffffffff
fffvvvvvvvvfffffffffffffffffffffffffffff
