10 40 40 6
1 1
0 0
0 1
1 0
2 2
35 37
37 35
36 36
34 38
38 34
5
15 15 1
14 14 1
16 16 2
17 17 2
18 18 1
fffffffffffvvvvvvvvvvvvvvfffffffffffffff
ffffffffffffffffffvvfffvvfffffffffffffff
ffcccfffffffffffffvvfffvvfffffffcccfffff
ffcccfffffffffffffvvvvvvvfffffffcccfffff
ffcccfffffffffffffffffffffffffffcccfffff
ffffffffffffvvvvvvvvvvvvvfffffffffffffff
ffffffffffffffffffvvfffvvfffffffffffffff
ffffffffffffffffvvvvvffvvfffffffffffffff
ffffffffffffvvvvvvffvvvvvfffffffffffffff
ffffffffffffffffffffffffffffffffffffffff
ffffffffffffvvvvvvvvvvvvvfffffffffffffff
ffffffffffffvvfffffffffvvfffffffffffffff
ffffffffffffvvvvvvvvvvvvvfffffffffffffff
ffffffffffffffffffffffffffffffffffffffff
ffffffffffffvvvvvvvvvvvvvfffffffffffffff
ffffffffffffvvffffffffffffffffffffffffff
ffffffffffffvvffffffffffffffffffffffffff
ffffffffffffffffffffffffffffffffffffffff
ffffffffffffvvvvvvvvvvvvvfffffffffffffff
ffffffffffffvvfffffffffvvfffffffffffffff
ffffffffffffvvvvvvvvvvvvvfffffffffffffff
ffffffffffffffffffffffffffffffffffffffff
ffffffffffffvvvvvvvvvvvvvfffffffffffffff
ffffffffffffvvfffffffffvvfffffffffffffff
ffffffffffffvvfffvvffffvvfffffffffffffff
ffffffffffffvvvvvvvffffvvfffffffffffffff
ffffffffffffffffffffffffffffffffffffffff
ffffffffffffvvfffffffffvvfffffffffffffff
ffffffffffffvvvvvvvvvvvvvfffffffffffffff
ffffffffffffvvfffffffffvvfffffffffffffff
ffffffffffffffffffffffffffffffffffffffff
ffffffffffffvvvvvvvvvvvvvfffffffffffffff
ffffffffffffffffffvvvvvvffffffffffffffff
fffffffffffvvvvvvvffffffffffffffffffffff
ffffffffffffvvvvvvvvvvvvvfffffffcccfffff
ffcccfffffffffffffffffffffffffffcccfffff
ffcccfffffffffffffffffffffffffffcccfffff
ffcccfffffffvvvfffvvvvvvvfffffffffffffff
ffffffffffffffffffffffffffffffffffffffff
ffffffffffffffffffffffffffffffffffffffff
