#map generee automatiquement
10 40 40 5
34 7
31 13
17 12
13 15
0 22
4 10
9 30
5 10
22 34
4 6
5
14 15 2
11 28 1
7 1 2
6 16 3
37 30 4
VVVVVVVVFVVVVVVVVVVVVVVVVVVVVVVVVVVVVVVV
VVFVVVVVVVVVVVVVVVVVVVVVVVVVVVVVVVVVVFVV
VVVVVVVVVVVVVVVVVVVVVVVVVVVVVVVVVVVVVVVV
VVVVVVVVVVVVVVVVVVVVVVVVVVVVVVVVVVVVVVVV
VVVVVVVVFVVVVVVFVVFVVVVVVVFVVVVVVVVVVVVV
VVVVVVVVVVVVVVVVVVVVVVVVVVVVVVVVVVVVVVVV
FVVVVVVVVVVVVVVVVVVVVVVVVVVVVVVVVVVVFVVV
VVVVVVVVVVVVVVVVVVVFVVVVVVVVVVVVVVVVVVVV
VVVVFVVVVVVVVVVVVVVVVVVVVVVVVFVVVVFVFVVV
VVVVVVVFVVVVVVVVVVVVVVVVVVVVVVVVVVVVVVVV
VVVVVVFVVVVVVVVVVFVVVVVVVVVVVVVVVVVFVFVV
VVVVVVVVVVVVVVVVVVVVVVVVVVVVVVVVVVVVVFVV
VVVVVVVVVVVVVVVFVVVVVVVVVVVVVVVVVVFVFVVV
VVVVVFVVVFVVVVVVVVVVVVVVVVVVVVVVVVVVVVVF
VVVVVVVVVVVVVVVVFVVFVVVVFVVVVVVVVFVVVVVV
VVVVVVVVVVVVVVVVVVFVVVVVVVVVVVVVVVVVVVVF
VVVVVFVVVVVFVVVVVVVVVFVVFVVVVVFVVVVVVVFF
VVFVVVVVVVVVVVVVVVVVVVVVVVVVVVVVVVFVVVVV
VVVVVVVVVVVVVVVVVVVVVVVVVVVVVVVVVFVVVVVV
VVVVVVVVVVVVVVVVVVVVVVVVVVVVVVVVVVVVVVFV
VFVVVVVVVVFVVVVVVVVVVVVVVVVVVVVVVVVVVVVV
FVVFVVVVVVVVVVVVVVVVVVVVVVVVVVVVFVVVVVVV
VVVVVVVVVVFVVVVVVVVFVVVVVVVVVVVVVVVVVVVV
VVVVVVVVFVVVVVVVVVVVVVFVVVVVVVVVVVVVVVVV
VVFVFVVVVVVVVVVVVVVVVVVVVVVVVVVVVVVVVVVV
VVVVVVVVVVVVVVVVFVVVVVVVVVVVVVVVVVVVVVVV
VVVVVVVVVVFVVVVVVVVVFVVVVVVVFVVVVVVVVVVV
VVFVVFFVVVVVFVVVVVFVVVVVVVVVVVVFVVVVVVVV
VVVVVVVVVVVVVVVVVVVVVVVFVVVVVVFVVVVVVVVV
VVVVVVVVVVVVVVVVVVVVVVFVVVVVVVVVVVVVFVVV
VVVFVVVVVVVVVVVVVVVVVVVVVVVVVVVVVVVVVVVV
VVVVVVVFVVVVVFVVVVVVVVVVVVVVVVVVVVVVVFVV
VVVVVVVVVVVVVVVVVVVVVVVVVFVVVVVVVFVVVVVV
VVVVVVVVFVVVVVVVVVVVVVVVVVVVVVVFFVFVVVVV
VVVVVVVVVVVVVVVVVVVFVVVVVVVVVVVFVVVVVVVV
VVVVVVVVVVFVVVVVFVVVVVVFVVVVVVVVVVFVVVVV
VVVVVVVVVVVVVVVVVVVVVVVVVVVVVVVVVVVVVVVV
VVVVVVVVFVVVVVVVVVVVVVVFVVVVVFVVVVVVFVVV
VVVVVFVVVVVVVVVVVVVVVVVVVVVVVVVVVVVVVVVV
VVVVVVVVVVFVVVVVVVVVVVVVVVVVVVVVVVFVVVVV
