#carte armee_contre_armee
10 40 40 20
11 1
11 5
11 9
11 13
11 17
11 21
11 25
11 29
11 34
11 39
0
FFFFFFVFFFFFFFFFFVFFFFFFFFFFFVFFFFFFFFFF
FFFFFFFFFFFVFFFFFFFFFFFFVFFFFFFFFFFFFFFF
FFVFFFFFFFFFFFFFFFFFFFFFFFFFFFFFFFVFFFFF
FFFFFFFFFFFFFFFFFFVFFFFFFFFFFFFFFFFFFFFF
FFFVFFFFFFVFFFFFFFFFFFFFFFVFFFVFFFFFFVFF
FFFFFFFFFFFFFFFFVFFFFVFFFFFFFFFFFFFFFFFF
FFFFFVFFFFFFFFFFFFFFFFFFFFFFFFFFVFFFFFFF
FFVFFFFFVFFFFFVFFFFFVFFFFFFVFFFFFFFVFFFF
FFFFFFVFFFFFFFFFFFFFFFFFFFFFFFFVFFFFFFFF
FFFFFFFFFFFFFFFFFFFFFFFFFFFFFFFFFFFFFFFF
FFFFFFFFFFFFFFFFFFFFFFFFFFFFFFFFFFFFFFFF
FFFFFFFFFFFFFFFFFFFFFFFFFFFFFFFFFFFFFFFF
FFFFFFFCFFFFFFFFCFFFFFFFCFFFFFFFFFCFFFFF
FFFFFFFFFCFFFFFFFFCFFFFFFFFFFCFFFFFFFFFF
FFFFFFCFFFFFFCFFFFFFFFCFFFFFFFFFFCFFFFFF
FFCFFFFFFCFFFFFFFFCFFFFFFCFFFFFFFFFCFFFF
FFFFFFFCFFFFFCFFFFFCFFFFCFFFFFCFFFFFFFFF
FFFFCFFFFFFFCFFFCFFFCFFFFFFFCFFFFFFFFCFF
FFFFFFFCFFFFFFFFCFFFCFFFCFFFFFFFFCFFFFFF
FFFCFFFFFFFFCFFFCFFFCFFFCFFFFFFCFFFFCFFF
FFFFFFFFFFFFFFFFFFCFFFFFFFFFFFFFFFFFFFFF
FFFFFCFFCFFFFFCFFFFFFCFFCFFFFCFFFFFCFFFF
FFFFFFFFFFFFFFFFFFFFFFFFFFFFFFFFFFFFFFFF
FFFFFFFFCFFFFFFFFFCFFFFFFFFFFFFFFFFFFFFF
FFFFFFFFFFFFFFFFFFFFFFFFFFFFFFFFFFFFFFFF
FFFFFFFFFFFFFFFFFFFFFFFFFFFFFFFFFFFFFFFF
FFFFFFFFFFFFFFFFFFFFFFFFFFFFFFFFFFFFFFFF
FFFFFFFFFFFFFFFFFFFFFFFFFFFFFFFFFFFFFFFF
FFFFFFFFFFFFFFFFFFFFFFFFFFFFFFFFFFFFFFFF
FFFFFFFFFFFFFFFFFFFFFFFFFFFFFFFFFFFFFFFF
FFFFFFFFFFFFFFFFFFFFFFFFFFFFFFFFFFFFFFFF
FFVVVVFFFFFFFFFFFFFFFFFFFFFFFFVVVVVVFFFF
FFFFFFFFFFFFFFFFFFFFFFFFFFFFFFFFFFFFFFFF
FFFFFFFFFFFFFFFFFFFFFFFFFFFFFFFFFFFFFFFF
FFFFFFFFFFFFFFFFFFFFFFFFFFFFFFFFFFFFFFFF
FFFFFFFFFFFFFFFFFFFFFFFFFFFFFFFFFFFFFFFF
FFFFFFFFFFFFFFFFFFFFFFFFFFFFFFFFFFFFFFFF
FFFFFFFFFFFFFFFFFFFFFFFFFFFFFFFFFFFFFFFF
FFFFFFFFFFFFFFFFFFFFFFFFFFFFFFFFFFFFFFFF
FFFFFFFFFFFFFFFFFFFFFFFFFFFFFFFFFFFFFFFF
