# Artère : huit virus de deux maladies
10 40 40 4
9 20 
11 22
25 26
27 23 
19 33
37 14
39 19
36 30
35 35
25 39
8
7 23 1
6 18 1
19 24 1
12 21 1
18 13 2
36 20 2
25 18 2
38 22 2
CCCCCCCCCCCCvvvvvvvvvvvvvvvvvvvCCCCCCCCCffCCCCCCCC
CCCCCCCCCCCCvvvvvvvvvvvvvvvvvvvCCCCCCCfffffCCCCCCC
CCCCCCCCCCCvvvvvvvvvvvvvvvvvvvvCCCCCCCfffffCCCCCCC
CCCCCCCCCCvvvvvvvvvvvvvvvvvvvvvCCCCCCCCfffCCCCCCCC
CCCCfffCCvvvvvvvvvvvvvvvvvvvvvCCCCCCCCCfffCCCCCCCC
CCfffffCCvvvvvvvvvvvvvvvvvvvvvCCCCCCCCCfffCCCCCCCC
CCfffffCCvvvvvvvvvvvvvvvvvvvvvCCCCCCCCCffCCCCCCCCC
CCfffffCCCvvvvvvvvvvvvvvvvvvvvCCCCCCCCCffCCCCCCCCC
CCfffffCCCvvvvvvvvvvvvvvvvvvvCCCCCffffffCCCCCCCCCC
CCCCfffCCCvvvvvvvvvvvvvvvvvvvCCCffffffffCCCCCCCCCC
CCCCCCCCCvvvvvvvvvvvvvvvvvvvvCCCfffffffffCCCCCCCCC
CCCCCCCCCvvvvvvvvvvvvvvvvvvvCCCCCfffffffffCCCCCCCC
CCCCCCCCCvvvvvvvvvvvvvvvvvvvCCCCCfffffCCCCCCCCCCCC
CCCCCCCCCvvvvvvvvvvvvvvvvvvvCCCCCCffffCCCffCCCCCCC
CCCCCCCCCvvvvvvvvvvvvvvvvvvvCCCCCCfffCCCCfffCCCCCC
CCCCCCCCCvvvvvvvvvvvvvvvvvvvvCCCCCfffCCCCfffCCCCCC
CCCCCCCCCvvvvvvvvvvvvvvvvvvvvCCCCfffCCCCCffCCCCCCC
CCCCCCCCCvvvvvvvvvvvvvvvvvvvvvCCfffffCCCCffCCCCCCC
CCCCCCCCCCvvvvvvvvvvvvvvvvvvvvvffffCffCCCffCCCCCCC
CCCCCCCCCCCvvvvvvvvvvvvvvvvvvvvffffCCfffffCCCCCCCC
CCCCfffCCCCvvvvvvvvvvvvvvvvvvvvffffCCCCCCCCCCCCCCC
CCCfffffCCCCvvvvvvvvvvvvvvvvvvvffffCCCCCCCCCCCCCCC
CCCffffffCCCvvvvvvvvvvvvvvvvvvvvffCCCCCCCCCCCCCCCC
CCffffffffCCvvvvvvvvvvvvvvvvvvvvffCCCCCCCCCCCCCCCC
CCffffffffCCvvvvvvvvvvvvvvvvvvvvvCCCCCCCCCCCCCCCCC
CCCfffffffCCvvvvvvvvvvvvvvvvvvvvvCCCCCCCCCCCCCCCCC
CCCfffffffCCCvvvvvvvvvvvvvvvvvvvvvCCCCCCCCCCCCCCCC
CCCCffffCCCCCvvvvvvvvvvvvvvvvvvvvvvCCCCCCCCCCCCCCC
CCCCCCCCCCCCCvvvvvvvvvvvvvvvvvvvvvvCCCCCCCCCCCCCCC
CCCCCCCCCCCCCvvvvvvvvvvvvvvvvvvvvvvCCCCCCfffCCCCCC
CCCCCCCCCCCCCCvvvvvvvvvvvvvvvvvvvvvCCCCCffffffCCCC
CCCCCCCCCCCCCCvvvvvvvvvvvvvvvvvvvvvvCCCCfffffffCCC
CCCCCCCCCCCCCCCvvvvvvvvvvvvvvvvvvvvvCCCCffffffffCC
CCCCCCCCCCCCCCCCvvvvvvvvvvvvvvvvvvvvvCCCCfffffffCC
CCCCCCCCCCCCCCCCvvvvvvvvvvvvvvvvvvvvvCCCCCffffffCC
CCCCCCCCCCCCCCCCvvvvvvvvvvvvvvvvvvvvvvCCCCCCffffCC
CCCCCCCCCCCCCCCCvvvvvvvvvvvvvvvvvvvvvvCCCCCCCffCCC
CCCCCCCCCCCCCCCCvvvvvvvvvvvvvvvvvvvvvCCCCCCCCCCCCC
