# toto
10 40 40 6
1 1
10 20
20 10
30 10
10 30
5 5
30 30
35 39
39 35
22 19
4
0 0 0
2 2 1
4 2 2
8 2 3
FFFFFFFFFFFFFFFFFFFFFFVVVVFFFFFFFFFFFFFF
FFFFFFFFFFFFFFFFFFFFFFVVVVVVFFFFFFFFFFFF
FFFFFFFFFFFFFFFFFFFFFFVVVVVFFFFFFFFFFFFF
FFFFFFFFFFFFFFFFFFFFFFVVFVFFFFFFFFFFFFFF
FFFFFFFFFFFFFFFFFFFFFVVVVVVFFFFFFFFFFFFF
FFFFFFFFFFFFFFFFFFFFFFVVVVVVFFFFFFFFFFFF
FFFFFFFFFFFFFFFFFFFFFFVVVVVVFFFFFFFFFFFF
FFFFFFFFFFFFFFFFFFFFFFFVFVVFFFFFFFFFFFFF
FFFFFFFFFFFFFFFFFFFFFFVVVVFFFFFFFFFFFFFF
FFFFFFFFFFFFFFFFFFFFFFVVVVVVFFFFFFFFFFFF
FFFFFFFFFFFFFFFFFFFFFFVVVVVVFFFFFFFFFFFF
FFFFFFFFFFFFFFFFFFFFFFFFVVVVVFFFFFFFFFFF
FFFFFFFFFFFFFFFFFFFFFFVVVVVFFFFFFFFFFFFF
FFFFFFFFFFFFFFFFFFFFFFFFVVVVVFFFFFFFFFFF
FFFFFFFFFFFFFFFFFFFFFFFVVVVVVFFFFFFFFFFF
FFFFFFFFFFFFFFFFFFFFFFFFFVVVVFFFFFFFFFFF
FFFFFFFFFFFFFFFFFFFFFFFVVVVVFFFFFFFFFFFF
FFFFFFFFFFFFFFFFFFFFFFFFVVVVVFFFFFFFFFFF
FFFFFFFFFFFFFFFFFFFFFFVVVVVFFFFFFFFFFFFF
FFFFFFFFFFFFFFFFFFFFFFFFVVVVVFFFFFFFFFFF
FFFFFFFFFFFFFFFFFFFFFFVVVVVVVVFFFFFFFFFF
FFFFFFFFFFFFFFFFFFFFFFFFVVVVVVVFFFFFFFFF
FFFFFFFFFFFFFFFFFFFFFFFFFVVVVFFFFFFFCFFF
FFFFFFFFFFFFFFFFFFFFFFFFFVVVVVVFFFFFFFFF
FFFFFFFFFFFFFFFFFFFFFFVVVVVVFFFFFFFFFFFF
FFFFFFFFFFFFFFFFFFFFFFFFFVVVVVFFFFFFCFFF
FFFFFFFFFFFFFFFFFFFFFFFFVVVVVVFFFFFFFFFF
FFFFFFFFFFFFFFFFFFFFFFFFFVVVVVVFFFFFFFFF
FFFFFFFFFFFFFFFFFFFFFFFFFVVVVVFFFFFFFFFF
FFFFFFFFFFFFFFFFFFFFFFFVVVVVFFFFFFFFFFFF
FFFFFFFFFFFFFFFFFFFFFFFFVVVVVFFFFFCFFFFF
FFFFFFFFFFFFFFFFFFFFFFFFFVVVVVFFFFFFFFFF
FFFFFFFFFFFFFFFFFFFFFFFFFVVVVVVFFFFFFFFF
FFFFFFFFFFFFFFFFFFFFFFFFFFVVVVVVFFFFFFFF
FFFFFFCFFFFFFFFFFFFFFFFVVVVVVVFFFFFFFFFF
FFFFFFFFFFFFFFCFFFFFFFFFVVVVVFFFFFFFFFFF
FFFFFFFFFFFFFFFFFFFFFFFVVVVVVVFFFFFFFFFF
FFFCFFFFCFFFFFFFFFFFFFVVVVVVFFFFFCFFFFFF
FFFFFCFFFFFFFFFFFCFFFFFVVVVVVFFFFFFFFFFF
FFFFFFFFFFFFFFFFFFFFFFFVVVVVVVVFFFFFFFFF
