#carte high_score
10 40 40 0
13 8
17 8
23 8
26 15
25 22
21 27
18 28
14 27
11 23
11 16
8
8 8 1
32 32 1
8 32 1
32 8 1
27 18 1
8 18 1
18 33 1
18 7 1
VVVVVVVVVVVVVVVVVVVVVVVVVVVVVVVVVVVVVVVV
VVVVVVVVVVVVVVVVVVVVVVVVVVVVVVVVVVVVVVVV
VVVVVVVVVVVVVVVVVVVVVVVVVVVVVVVVVVVVVVVV
VVVVFFFFFFFFFFFFFFFFFFFFFFFFFFFFVVVVVVVV
VVVVVVVVVFVVVVVVVVVVVVVVVVVVVVVVVVVVVVVV
VVFVVVVVVVFVVVVVVVVVVVVVFFFFFFFFFFFFFFFF
FFFFFFFFFFFVVVVVVVVVVVVFFFFFFFFFFFFFFFFF
FFFFFFFVVVVVVVVVVVVVVVVVVVFFFFFFFFFFFFFF
FFFFFFFFFVVVVVVVVVVVVVVVFFFFFFFFFFFFFFFF
FFFFFFFVVVVVVVVVVVVVVVVVVFFFFFFFFFFFFFFF
FFFFFFFFFFFFFVVVVVVVVVVVVVVVFFFFFFFFFFFF
FFFFFFFFFFVVVVVVVVVVVVVVFFFFFFFFFFFFFFFF
FFFFFFVVVVVVVVVVVVVVVVVVVVVVFFFFFFFFFFFF
FFFFFVVVVVVVVVVVVVVVVVVVFFFFFFFFFFFFFFFF
FFFFFFFFVVVVVCVVVVVVVVCVVVVVVVFFFFFFFFFF
FFFFFFFFFFFFFFVVVVCVVVVVVVVVVFFFFFFFFFFF
FFFFFFVVVVVVVVVVVCCCCVVVVVVVVVFFFFFFFFFF
FFFFFFFFFFVVVVVVCCCCCVVVVVVVVFFFFFFFFFFF
FFFFFFFFVVVVVVVVCCCCCVVVVVVVFFFFFFFFFFFF
FFFFFFFVVVVVVVVVCCCCCVVVVVVVVVFFFFFFFFFF
FFFFFFVVVVVVVVVVVVCVVVVVVVVFFFFFFFFFFFFF
FFVVVVVVVVVVVVCVVVVVVCVVVVVVVFFFFFFFFFFF
FFFFFFFFVVVVVVVVVVVVVVVVVVFFFFFFFFFFFFFF
FFVVVVVVVVVVVVVVVVFFFFFFFFFFFFFFFFFFFFFF
FFFFFFFFFFVVVVVVVVVVVVVVVVFFFFFFFFFFFFFF
FFFFFFFFFFFFVVVVVVVVVVVVVFFFFFFFFFFFFFFF
FFFFFFFFFFFFFVVVVVVVVVVVVVFFFFFFFFFFFFFF
FFFFFFFFFVFFFFFFFFFFVVVVVVVVVVVVVFFFFFFF
FFFFFFFFFFFFFFFFFFFFFFFVVVVVVVVVVVFFFFFF
FFFFFFFFFFFFFFFFFFFFFFFFVVVVVVVVVVVVVVVV
FFFFFFFFFFFFFFFFFFFFFFFFFFVVVVVVVVVVVVVV
VVFFFFFFFFFFFFFFFFFFFFFFFFFFFFFFFVVVVVVV
FFFFFFFFFFFFFFVVVVVVVVFFFFFFFFFFFFFFFFFF
FFFFFFFFFFFFFFFFFVVVVVVVVVVVVVVVVVVVVVFF
FFFFFFFFFFFFFFFFFFFVVVVVVVVVVVVVVVVVVVVV
VFFFFFFFFFFFFFFFFFFFFVVVVVVVVVVVVVVVVVVV
VFFFFFFFFFFFFFFFFFFFFFVVVVVVVVVVVVVVVVVV
VVVVVVFFFFFFFFFFFFFFFFFFFFVVVVVVVVVVVVVV
VVVFFFFFFFFFFFFFFFFFFFFFFFFFVVVVVVVVVVFV
VVVVVVFVFFFFFFFFFFFFFFFFFFFFFFFVVVVVVVVV
