# Une vraie map de 40*40
10 40 40 12
1 3
4 34
25 38
28 15
35 36
12 34
34 12
34 5
39 20
25 25
8
1 2 1
7 24 2
16 37 3
24 9 1
26 25 3
30 39 4
34 13 2
38 12 1
vvvvfffffffffffffffffffffffffffffffvvvvv
vvvvvfffffffffcffffffffcffffffffffvvvvvv
vvvvvvfffffffffffffffffffffffffffvvvvvvv
vvvvvvvfffffffffffffffffffffffffvvvvvvvv
vvvvvvvvffffffffffffffffffcffffvvvvvvvvv
vvvvvvvvvfffffffffffffffffffffvvvvvvvvvf
fvvvvvvvvvffffffffcffffffffffvvvvvvvvvff
ffvvvvvvvvvfffffffffffffffffvvvvvvvvvfff
fffvvvvvvvvvfffffffffffffffvvvvvvvvvffff
ffffvvvvvvvvvfffffffffffffvvvvvvvvvfffff
fffffvvvvvvvvvfffffcfffffvvvvvvvvvffffff
ffcfffvvvvvvvvvfffffffffvvvvvvvvvfffffff
fffffffvvvvvvvvvfffffffvvvvvvvvvffffffff
ffffffffvvvvvvvvvfffffvvvvvvvvvfffffffff
fffffffffvvvvvvvvvfffvvvvvvvvvffffffffff
ffffffffffvvvvvvvvvfvvvvvvvvvfffffffffff
fffffffffffvvvvvvvvvvvvvvvvvfffffffcffff
fffffffcffffvvvvvvvvvvvvvvvfffffffffffff
fffffffffffffvvvvvvvvvvvvvffffffffffffff
ffffffffffffffvvvvvvvvvvvfffffcfffffffff
ffffffffffffffvvvvvvvvvvvfffffffffffffff
ffffcfffffffffvvvvvvvvvvvfffffffffffffff
ffffffffffffffvvvvvvvvvvvffffffffcffffff
ffffffcfffffffvvvvvvvvvvvfffffffffffffff
ffffffffffffffvvvvvvvvvvvfffffffffffffff
ffffffcfffffffvvvvvvvvvvvfffffffffffffff
ffffffffffffffvvvvvvvvvvvfffffcfffffcfff
ffffffffffffffvvvvvvvvvvvfffffffffffffff
fffcffffffffffvvvvvvvvvvvfffffffffffffff
ffffffffffffffvvvvvvvvvvvfffffffffffffff
fffffffffcffffvvvvvvvvvvvfffffffcfffffff
ffffffffffffffvvvvvvvvvvvfffffffffffffff
ffffffffffffffvvvvvvvvvvvfffffffffffffff
ffffffffffffffvvvvvvvvvvvfffffffffffcfff
ffffffcfffffffvvvvvvvvvvvfffffffffffffff
ffffffffffffffvvvvvvvvvvvfffffffffffffff
ffffffffffffffvvvvvvvvvvvfffffffffffffff
ffffcfffffffffvvvvvvvvvvvfffffffcfffffff
ffffffffffffffvvvvvvvvvvvfffffffffffffff
ffffffffffffffvvvvvvvvvvvfffffffffffffff
