#nake city
4 40 40
10 14
24 30
1 1
1 40
40 1
40 40
........................................
........................................
..XXXXXrrXXXXrrrXXXXXXXXX....XXXXXXX....
..XXXXXrrXXXXXrrXXXXP..r........XXXX....
..XXXXXrrXXXXXrrXXXXXXXr.........XXX....
..XXXXXrrrrrrrrrrrrrrrrrrrr.......XX....
...P................XXXrXXX........X....
..XXX.................XrXXX.............
..XXX.....XXXX.........rXXXXXX..........
..XXX.....XXXX.........rXXXXXX..........
..XXX..................rX..............X
..XXrrrrrrrrrrrrrrrrrrrrX..............X
..Xrrrr............rXX.................X
..rrX..............rXX..............r..X
.rrXX..............r................rXXX
.rXXX..............r................r...
.r.................r.....XXXXXX.....r..X
.r......X..........r....XXXXXXX....rrXXX
.r......XXXrrrrrrrrrrrrrrXXXrrrrrrrrPXXX
.rrrrrrrXXXXXX.....r...rrrrrr......rrXXX
.......rrrrrrrrrrrrr....XXXXXX......r..X
XXP........r...............XX.......r.XX
XXXX.......r...............XX.......r.XX
XX.........rrrrrrrrrrr......XXXX......XX
...........r............................
...........r............................
..rrrrrrrrrr......XXXXXXXXX.............
..r.........XXXXXXXXXXXXXXXXX...........
..r..XXXXXXXXXXXXXXXXXXXXXX..........XXX
..r..X.......XXXX....................XXX
..r..X..P.....XX.........rrrrrrrrrrr...X
..r..X.........X.........r..XXXXX.......
..r..X...XX....XXXXXX....r..PXXXXXXX....
..r..X...XX.....rrrrrrrrrrrrrrrXXX......
..r..X..XXX.....r..............X........
XXr..X..XXX.....r..............X........
..r..XXXXXX.....r.............XX......XX
..r.............r........XXXXXXX........
rrrrrrrrrrrrrrrrr........XXXXXX.........
....XXXXXXXXXXXXXXXXXXXXXXXXXX..........
