viens voir mon ami
8 50 50
41 6
3 11
9 36
24 21
31 31
41 25
17 5
42 14
............................................wwwwww
...........................p................wwwwww
...........................................wwwwwww
...o...............................oo...wwwwwwwwww
...oo..............................oowww...wwwwwww
....ooo......p................wwwwwoowwwwwwwwwwwww
....ooo.....................wwww....o......wwwwwww
....ooo....................wwww...........wwwwwwww
...........................wwww...........wwwwwwww
..........................wwww...........wwwwwwwww
.........p...............wwww........pp..wwwwwwwww
.........................wwwww......ppwwwwwwwwwwww
....p.............o.....wwwwwwwww.wwpp....wwwwwwww
..................o....wwwwwwwwwwwwwpwwwwwwwwwwwww
...................o.wwwwwwwww.ww...p.wwwwwwwwwwww
...................owwwwww..........p.....wwwwwwww
...................owwww..................wwwwwwww
p................woowww...................wwwwwwww
................wwoo......................wwwwwwww
...............wwwoo...................wwwwwwwwwww
.............wwww....................wwwwwwwwwwwww
p.......p..wwwww...................wwwwwwwwwwwwwww
........p.wwwww...................wwwww.wwwwwwwwww
........pppww...................wwwww...wwwwwwwwww
.....wwwwppp...................wwww.....wwwwwwwwww
.wwwwwwww.pp..................w.........wwwwwwwwww
wwwwww....................oowwwwww......wwwwwwwwww
wwwwww...............wwwwwoow.wwww..pp..wwwwwwwwww
wwwwwwwwww...p.....www....oo......wppw..wwwwwwwwww
....wwwwwwwwwpwwwww................ppwwwwwwwwwwwww
.......wwwwwppwwwwwwww.wwww........p....wwwwwwwwww
.........ww.p.....wwwwww.wwww...w.pp....wwwwwwwwww
...........wp......wwwwwwww.wwwwwwp.....wwwwwwwwww
...........ppw.......wwww.w......pwww...wwwwwwwwww
...........p.ww.........wwww........wwwwwwwwwwwwww
..............w...........wwww.........wwwwwwwwwww
..p...........wo...........wwww........wwwwwwwwwww
...............oo...........wwww.......wwwwwwwwwww
...............oo............wwww......wwwwwwwwwww
...............oow.............wwo....wwwwwwwwwwww
................www.............woo...wwwwwwwwwwww
.................www.........p...ooww.wwwwwwwwwwww
.p......p.........wwww.......p...oo.wwwwwwwwwwwwww
...................wwww....ppp.......wwwwwwwwwwwww
...............p.....www...p..........wwwwwwwwwwww
.....o....o...........www.............wwwwwwwowoow
...o..o................wwwww..........wwwwwwwoowwo
....o....................wwww........wwwwwwwwowoow
.............p............wwww.......wwwwwwwwwwwww
...........................www.......wwwwwwwwwwwww
