commentaires...
4 42 42
21 10
21 32
5 40
39 4
ooo....................................ooo
ooo....................................ooo
oop....................................poo
..........................................
..........................................
......wwwwwwwwwwwww..wwwwwwwwwwwwww.......
......wwwwwwwwwwwww..wwwwwwwwwwwwww.......
......wwppp...................pppww.......
......wwppp...................pppww.......
......wwppo...................oppww.......
......ww.........................ww.......
......ww.........................ww.......
......ww.........................ww.......
......ww.........................ww.......
......ww.........................ww.......
......ww.........................ww.......
......ww.........................ww.......
......ww.........................ww.......
......ww.........................ww.......
......ww.........................ww.......
..........................................
..........................................
......ww.........................ww.......
......ww.........................ww.......
......ww.........................ww.......
......ww.........................ww.......
......ww.........................ww.......
......ww.........................ww.......
......ww.........................ww.......
......ww.........................ww.......
......ww.........................ww.......
......wwppo...................oppww.......
......wwppp...................pppww.......
......wwppp...................pppww.......
......wwwwwwwwwwwww..wwwwwwwwwwwwww.......
......wwwwwwwwwwwww..wwwwwwwwwwwwww.......
..........................................
..........................................
..........................................
oop....................................poo
ooo...............pppppp...............ooo
ooo...............pppppp...............ooo
