commentaires...
6 50 50
15 8
28 8
38 8
14 42
28 42
39 42
wwww.......ppppppp.........oooooo...........wwwwww
wwwwww.......ppppp.........ooooo..........wwwwwwww
..wwwww..........p.........oo..........wwwwwwwwww.
...wwwwwww.........................wwwwwwwwwwwww..
.....wwwwwwwwwwww...............wwwwwwwwwwwwww....
.......wwwwwwwwwwwwww..wwww..wwwwwwwwwwwwwww......
..........wwwwwwwwwww..wwww..wwwwwwwwwww..........
.............wwwwwwww..wwww..wwwwww...............
....................w..wwww.......................
.......................wwww.......................
.......................wwww.......................
.....oo................wwww.............pp..o.....
....p.................wwwww.................o.....
....p................wwwwwwwww....................
....................wwwwwwwwwww...................
...................wwwwwwwwwwwwww.................
..................wwwwwwwwwwwwwwwww...............
................wwwwwwwwwwwwwwwwwwwww.............
..............wwwwwwwwwwwwwwwwwwwwwww.............
..............wwwwwwwwwwwwwwwwwwwwwww.............
..............wwwwwwwwwwwwwwwwwwwwww..............
.................wwwwwwwwwwwwwwwww................
...................wwwwwwwwwwwww..................
.....................wwwwwwww.....................
..................................................
..................................................
...o..................wwwwww................oo....
...o...............wwwwwwwwwww....................
.................wwwwwwwwwwwwwww............p.....
...pp..........wwwwwwwwwwwwwwwwww.................
..............wwwwwwwwwwwwwwwwwwww..........p.....
..............wwwwwwwwwwwwwwwwwwwwww..............
...............wwwwwwwwwwwwwwwwwwwwww.............
................wwwwwwwwwwwwwwwwwww...............
.................wwwwwwwwwwwwwwww.................
...................wwwwwwwwwwww...................
.....................wwwwwwww.....................
.......................wwww.................oo....
...o...................wwww.......................
...o...................wwww.......................
....pp.................wwww.................p.....
.......................wwww.................p.....
................wwwww..wwww..wwwwwww..............
............wwwwwwwww..wwww..wwwwwwwwww...........
.........wwwwwwwwwwww..wwww..wwwwwwwwwwww.........
.......wwwwwwwwwwwwww..wwww..wwwwwwwwwwwwwww......
.....wwwwwwwwwwwww................wwwwwwwwwwww....
....wwwwwwwwww.....p.......oo........wwwwwwwwww...
.wwwwwwww.........pp.......oooo........wwwwwwwwww.
wwwwwww......ppppppp.......ooooooo.......wwwwwwwww
