-By Sam
4 36 36
7 9
7 28
28 9
29 28
wwwwwwwwwwwwwwwwwwwwwwwwwwwwwwwwwwww
wwwwwwww.....wwww..wwww.....wwwwwwww
wwwwwww......................wwwwwww
wwwww..........................wwwww
wwww.....o....o..pp..o....o.....wwww
www..............................www
www........p.....ww.....p........www
ww...o...........ww...........o...ww
w..................................w
w.........o..............o.........w
w.....p........p....p........p.....w
w..................................w
w..o............................o..w
w..................................w
w......p.....ww......ww.....p......w
w............wop....pow............w
w..o..........p......p..........o..w
w..................................w
w..................................w
w..o..........p......p..........o..w
w............wop....pow............w
w......p.....ww......ww.....p......w
w..................................w
w..o............................o..w
w..................................w
w.....p........p....p........p.....w
w.........o..............o.........w
w..................................w
ww...o...........ww...........o...ww
www........p.....ww.....p........www
www..............................www
wwww.....o....o..pp..o....o.....wwww
wwwww..........................wwwww
wwwwwww......................wwwwwww
wwwwwwww.....wwww..wwww.....wwwwwwww
wwwwwwwwwwwwwwwwwwwwwwwwwwwwwwwwwwww
