elle est pas belle, hein ? :)
4 50 50
44 4
4 4
4 48
46 47
..................................................
..................................................
..................w............w..................
.................ww............ww.................
................www............www................
................wwww..........wwww................
...............w.www..........www.w...............
............wwwwwww............wwwwwww............
.........wwwwwwwww..............wwwwwwwww.........
........www.w.www................www.w.www........
........wwwwwwww...pppp....pppp...wwwwwwww........
.......wwwwwwwww...pppp....pppp...wwwwwwwww.......
......wwwwwwwww....................wwwwwwwww......
......wwwwww.w..........pp..........w.wwwwww......
.......ww.wwww.........pppp.........wwww.ww.......
.......wwwwwww..........pp..........wwwwwww.......
.......wwww.ww......................ww.wwww.......
.......ww.w.w........................w.w.ww.......
.......w.wwwww......................wwwww.w.......
.......www.w.www..................www.w.www.......
........wwwww..w......ww..ww......w..wwwww........
.........ww.wwww.ww....wwww....ww.wwww.ww.........
...........wwwwwwwww.wwwwwwww.wwwwwwwww...........
.............wwwwww....wwww....wwwwww.............
.............w..wwww..w....w..wwww..w.............
..............wwwwwwwwww..wwwwwwwwww..............
...............ww.ww.wwwwwwww.ww.ww...............
...............w...www......www...w...............
....................www....www....................
...................o.ww....ww.o...................
.................oooo.w....w.oooo.................
................ooooo..wwww..ooooo................
................oo.o...wwww...o.oo................
................oooo..........oooo................
...............ooo.o..........o.ooo...............
...............oo.o............o.oo...............
..............ooo.o............o.ooo..............
..............oooo..............oooo..............
.............ooooo..............ooooo.............
.............o.oo................oo.o.............
.............oooo................oooo.............
............ooooo................ooooo............
............ooo.o................o.ooo............
............ooooo................ooooo............
............oooo..................oooo............
............oo......................oo............
...........ooooo..................ooooo...........
...........o..oo..................oo..o...........
...........ooo......................ooo...........
..................................................
