commentaires...
4 40 40
10 35
36 31
33 4
5 11
......p...........wwwww.................
..oo..p............wwww.................
....................wwww................
...................wwwwww........o......
...................wwwwww.......o.......
...................wwwwww...........p...
...................wwwwww...........p...
.........p.........wwwwww...............
w........o.........wwwww................
ww.................wwwww................
wwwww................www................
wwwwwwwwww..........wwww................
.wwwwwwwwwww........wwww................
..wwwwwwwwwww.......wwww................
......wwwwwwwwwww.wwwwww..........po....
.......wwwwwwwwww.wwwwww................
...........wwwwww.wwwwww................
...........wwww......www................
...........www...o...www................
.................o......................
...........www....pp.www................
...........wwww......www................
...........wwwwwww.wwwwww...............
...........wwwwwww.wwwwwwwwww...........
...........wwwwwww.wwwwwwwwwwww.........
...........wwwww......wwwwwwwwww........
...........wwwww.......wwwwwwwwwwww.....
....o......wwwwww.........wwwwwwwwww....
....p......wwwwww..........wwwwwwwww....
............wwwwww............wwwwwwwwww
............wwwwww..............wwwwwwww
.............wwwwww................wwwww
.............wwwwww...................ww
.............wwwww................p.....
.............wwww..................p....
..............www...................o...
..............www..................o....
....oo........www..........op...........
........p.....wwww......................
........p.....wwwww.....................
